[     229ms] [ERROR] Failed to load resource: the server responded with a status of 404 (Not Found) @ http://localhost:3000/dashboard:0
[     465ms] [WARNING] Clerk: Clerk has been loaded with development keys. Development instances have strict usage limits and should not be used when deploying your application to production. Learn more: https://clerk.com/docs/deployments/overview @ http://localhost:3000/_next/static/chunks/node_modules_next_dist_115brz8._.js:2431
[   40299ms] [ERROR] WebSocket connection to 'ws://localhost:3000/_next/webpack-hmr?id=mpEXcGMfLZAmctfkCTpwH' failed:  @ http://localhost:3000/_next/static/chunks/node_modules_next_dist_client_0fhqo1d._.js:13299
[   40299ms] [ERROR] WebSocket connection to 'wss://doting-ram-299.convex.cloud/api/1.34.0/sync' failed:  @ http://localhost:3000/_next/static/chunks/node_modules_convex_dist_esm_00xikuf._.js:3223
[   40300ms] [ERROR] WebSocket is already in CLOSING or CLOSED state. @ http://localhost:3000/_next/static/chunks/node_modules_next_dist_115brz8._.js:2790
[   41086ms] [ERROR] WebSocket is already in CLOSING or CLOSED state. @ http://localhost:3000/_next/static/chunks/node_modules_next_dist_115brz8._.js:2790
[   41301ms] [ERROR] WebSocket connection to 'ws://localhost:3000/_next/webpack-hmr?id=mpEXcGMfLZAmctfkCTpwH' failed: Error in connection establishment: net::ERR_CONNECTION_REFUSED @ http://localhost:3000/_next/static/chunks/node_modules_next_dist_client_0fhqo1d._.js:13299
[   42303ms] [ERROR] WebSocket connection to 'ws://localhost:3000/_next/webpack-hmr?id=mpEXcGMfLZAmctfkCTpwH' failed: Error in connection establishment: net::ERR_CONNECTION_REFUSED @ http://localhost:3000/_next/static/chunks/node_modules_next_dist_client_0fhqo1d._.js:13299
[   46750ms] [ERROR] Failed to load resource: the server responded with a status of 404 (Not Found) @ http://localhost:3000/dashboard:0
[   47597ms] [WARNING] Clerk: Clerk has been loaded with development keys. Development instances have strict usage limits and should not be used when deploying your application to production. Learn more: https://clerk.com/docs/deployments/overview @ http://localhost:3000/_next/static/chunks/node_modules_next_dist_115brz8._.js:2431
[   61575ms] [ERROR] WebSocket connection to 'ws://localhost:3000/_next/webpack-hmr?id=L8oROtRAN-1q_GZ6znW8_' failed: Error in connection establishment: net::ERR_CONNECTION_REFUSED @ http://localhost:3000/_next/static/chunks/node_modules_next_dist_client_0fhqo1d._.js:13299
[   62576ms] [ERROR] WebSocket connection to 'ws://localhost:3000/_next/webpack-hmr?id=L8oROtRAN-1q_GZ6znW8_' failed: Error in connection establishment: net::ERR_CONNECTION_REFUSED @ http://localhost:3000/_next/static/chunks/node_modules_next_dist_client_0fhqo1d._.js:13299
[   63579ms] [ERROR] WebSocket connection to 'ws://localhost:3000/_next/webpack-hmr?id=L8oROtRAN-1q_GZ6znW8_' failed: Error in connection establishment: net::ERR_CONNECTION_REFUSED @ http://localhost:3000/_next/static/chunks/node_modules_next_dist_client_0fhqo1d._.js:13299
[   64581ms] [ERROR] WebSocket connection to 'ws://localhost:3000/_next/webpack-hmr?id=L8oROtRAN-1q_GZ6znW8_' failed: Error in connection establishment: net::ERR_CONNECTION_REFUSED @ http://localhost:3000/_next/static/chunks/node_modules_next_dist_client_0fhqo1d._.js:13299
[   65584ms] [ERROR] WebSocket connection to 'ws://localhost:3000/_next/webpack-hmr?id=L8oROtRAN-1q_GZ6znW8_' failed: Error in connection establishment: net::ERR_CONNECTION_REFUSED @ http://localhost:3000/_next/static/chunks/node_modules_next_dist_client_0fhqo1d._.js:13299
[   75836ms] [WARNING] Clerk: Clerk has been loaded with development keys. Development instances have strict usage limits and should not be used when deploying your application to production. Learn more: https://clerk.com/docs/deployments/overview @ http://localhost:3000/_next/static/chunks/node_modules_next_dist_115brz8._.js:2431
[   91132ms] [ERROR] WebSocket connection to 'ws://localhost:3000/_next/webpack-hmr?id=rM-_gD__TtM9sxfHVVrrx' failed:  @ http://localhost:3000/_next/static/chunks/node_modules_next_dist_client_0fhqo1d._.js:13299
[   91132ms] [ERROR] WebSocket connection to 'wss://kindred-goldfish-625.convex.cloud/api/1.34.0/sync' failed:  @ http://localhost:3000/_next/static/chunks/node_modules_convex_dist_esm_00xikuf._.js:3223
[   91133ms] [ERROR] WebSocket is already in CLOSING or CLOSED state. @ http://localhost:3000/_next/static/chunks/node_modules_next_dist_115brz8._.js:2790
[   92135ms] [ERROR] WebSocket connection to 'ws://localhost:3000/_next/webpack-hmr?id=rM-_gD__TtM9sxfHVVrrx' failed: Error in connection establishment: net::ERR_CONNECTION_REFUSED @ http://localhost:3000/_next/static/chunks/node_modules_next_dist_client_0fhqo1d._.js:13299
[   92236ms] [ERROR] WebSocket is already in CLOSING or CLOSED state. @ http://localhost:3000/_next/static/chunks/node_modules_next_dist_115brz8._.js:2790
[   93137ms] [ERROR] WebSocket connection to 'ws://localhost:3000/_next/webpack-hmr?id=rM-_gD__TtM9sxfHVVrrx' failed: Error in connection establishment: net::ERR_CONNECTION_REFUSED @ http://localhost:3000/_next/static/chunks/node_modules_next_dist_client_0fhqo1d._.js:13299
[   94140ms] [ERROR] WebSocket connection to 'ws://localhost:3000/_next/webpack-hmr?id=rM-_gD__TtM9sxfHVVrrx' failed: Error in connection establishment: net::ERR_CONNECTION_REFUSED @ http://localhost:3000/_next/static/chunks/node_modules_next_dist_client_0fhqo1d._.js:13299
[   95141ms] [ERROR] WebSocket connection to 'ws://localhost:3000/_next/webpack-hmr?id=rM-_gD__TtM9sxfHVVrrx' failed: Error in connection establishment: net::ERR_CONNECTION_REFUSED @ http://localhost:3000/_next/static/chunks/node_modules_next_dist_client_0fhqo1d._.js:13299
[   96143ms] [ERROR] WebSocket connection to 'ws://localhost:3000/_next/webpack-hmr?id=rM-_gD__TtM9sxfHVVrrx' failed: Error in connection establishment: net::ERR_CONNECTION_REFUSED @ http://localhost:3000/_next/static/chunks/node_modules_next_dist_client_0fhqo1d._.js:13299
[  101144ms] [ERROR] WebSocket connection to 'ws://localhost:3000/_next/webpack-hmr?id=rM-_gD__TtM9sxfHVVrrx' failed: Error in connection establishment: net::ERR_CONNECTION_REFUSED @ http://localhost:3000/_next/static/chunks/node_modules_next_dist_client_0fhqo1d._.js:13299
[  197255ms] [WARNING] Clerk: Clerk has been loaded with development keys. Development instances have strict usage limits and should not be used when deploying your application to production. Learn more: https://clerk.com/docs/deployments/overview @ http://localhost:3000/_next/static/chunks/node_modules_next_dist_115brz8._.js:2431
[  198330ms] [ERROR] React does not recognize the `%s` prop on a DOM element. If you intentionally want it to appear in the DOM as a custom attribute, spell it as lowercase `%s` instead. If you accidentally passed it from a parent component, remove it from the DOM element. asChild aschild @ http://localhost:3000/_next/static/chunks/node_modules_next_dist_115brz8._.js:3272
